// Jest Snapshot v1, https://goo.gl/fbAQLP

exports[`renders correctly 1`] = `
<code
  className="code"
>
  Code example
</code>
`;
